

Hello someone!
This is a sample input file for the
standalone example Scanner.

Have a nice day!

